 LEVAPI

 Timestamp is 51d7c344 (Sat Jul 06 09:12:04 2013)

 Preferred load address is 00800000

 Start         Length     Name                   Class
 0001:00000000 000004daH .text                   CODE
 0002:00000000 00000017H .rdata                  DATA
 0003:00000000 000002bbH .edata                  DATA

  Address         Publics by Value              Rva+Base       Lib:Object

 0000:00000000       ___safe_se_handler_count   00000000     <absolute>
 0000:00000000       ___safe_se_handler_table   00000000     <absolute>
 0001:00000000       _print                     00801000 f   main.obj
 0001:00000020       _printchar                 00801020 f   main.obj
 0001:00000040       _printNumber               00801040 f   main.obj
 0001:00000060       _printHexa                 00801060 f   main.obj
 0001:00000080       _halt                      00801080 f   main.obj
 0001:000000a0       _getInputChar              008010a0 f   main.obj
 0001:000000d0       _waitForKeyPress           008010d0 f   main.obj
 0001:000000f0       _omgRelocPl0x              008010f0 f   main.obj
 0001:00000110       _loadFileToLoc             00801110 f   main.obj
 0001:00000140       _moveCursorRelative        00801140 f   main.obj
 0001:00000170       _executePE32               00801170 f   main.obj
 0001:000001b0       _dumpPE32                  008011b0 f   main.obj
 0001:000001f0       _clearScreen               008011f0 f   main.obj
 0001:00000210       _fillRTC                   00801210 f   main.obj
 0001:00000230       _getNumberOfFilesInRoot    00801230 f   main.obj
 0001:00000260       _getFilesInRoot            00801260 f   main.obj
 0001:00000280       _VGA_init                  00801280 f   main.obj
 0001:000002a0       _VGA_clear                 008012a0 f   main.obj
 0001:000002c0       _VGA_putpixel              008012c0 f   main.obj
 0001:000002f0       _VGA_putimage              008012f0 f   main.obj
 0001:00000320       _VGA_deinit                00801320 f   main.obj
 0001:00000340       _VGA_putstring             00801340 f   main.obj
 0001:00000370       _VGA_putchar               00801370 f   main.obj
 0001:000003a0       _VGA_putline               008013a0 f   main.obj
 0001:000003d0       _VGA_putrect               008013d0 f   main.obj
 0001:00000400       _VGA_setcolor              00801400 f   main.obj
 0001:00000420       _VGA_getcolor              00801420 f   main.obj
 0001:00000450       _VGA_clearrect             00801450 f   main.obj
 0001:000004c0       _fillMouseState            008014c0 f   main.obj
 0002:00000000       ??_C@_0BH@KLDECJHP@Relocation?5is?5working?4?$AA@ 00802000     main.obj

 entry point at        0000:00000000

 Static symbols

