 KRNL32

 Timestamp is 51d857ae (Sat Jul 06 19:45:18 2013)

 Preferred load address is c0000000

 Start         Length     Name                   Class
 0001:00000000 00004a88H .text                   CODE
 0002:00000000 00000a51H .rdata                  DATA
 0003:00000000 00000004H .CRT$XCA                DATA
 0003:00000004 00000004H .CRT$XCZ                DATA
 0003:00000008 00000a38H .data                   DATA
 0003:00000a40 00001918H .bss                    DATA
 0004:00000000 00000058H .rsrc$01                DATA
 0004:00000060 00000320H .rsrc$02                DATA

  Address         Publics by Value              Rva+Base       Lib:Object

 0000:00000000       ___safe_se_handler_table   00000000     <absolute>
 0000:00000000       ___safe_se_handler_count   00000000     <absolute>
 0001:00000000       ?ACPI_test@@YAXXZ          c0000400 f   ACPI.obj
 0001:00000080       ?fifo_init@@YAXPAUfifo_t@@PADH@Z c0000480 f   buf_fifo.obj
 0001:000000a0       ?taskone@@YAXXZ            c00004a0 f   currentTest.obj
 0001:000000b0       ?tasktwo@@YAXXZ            c00004b0 f   currentTest.obj
 0001:000000c0       ?taskthree@@YAXXZ          c00004c0 f   currentTest.obj
 0001:000000d0       ?DebugGotoRXY@@YAXII@Z     c00004d0 f   DebugDisplay.obj
 0001:000000f0       ?DebugSetColor@@YAII@Z     c00004f0 f   DebugDisplay.obj
 0001:00000100       ?DebugClrScr@@YAXG@Z       c0000500 f   DebugDisplay.obj
 0001:00000140       ?DebugScrollUp@@YAXXZ      c0000540 f   DebugDisplay.obj
 0001:00000180       ?DebugReset@@YAXXZ         c0000580 f   DebugDisplay.obj
 0001:000001c0       ?DebugPutc@@YAXE@Z         c00005c0 f   DebugDisplay.obj
 0001:00000290       ?DebugPuts@@YAXPAD@Z       c0000690 f   DebugDisplay.obj
 0001:00000390       ?DebugPrintf@@YAHPBDZZ     c0000790 f   DebugDisplay.obj
 0001:000006a0       ?dma_mask_channel@@YAXE@Z  c0000aa0 f   DMA.obj
 0001:000006e0       ?dma_unmask_all@@YAXH@Z    c0000ae0 f   DMA.obj
 0001:00000700       ?dma_reset@@YAXH@Z         c0000b00 f   DMA.obj
 0001:00000710       ?dma_reset_flipflop@@YAXH@Z c0000b10 f   DMA.obj
 0001:00000740       ?dma_set_address@@YAXEEE@Z c0000b40 f   DMA.obj
 0001:000007d0       ?dma_set_count@@YAXEEE@Z   c0000bd0 f   DMA.obj
 0001:00000860       ?dma_set_mode@@YAXEE@Z     c0000c60 f   DMA.obj
 0001:000008e0       ?dma_set_read@@YAXE@Z      c0000ce0 f   DMA.obj
 0001:000008f0       ?kernel_entry@@YAXXZ       c0000cf0 f   entry.obj
 0001:00000930       ?kernel_panic@@YAXPBDZZ    c0000d30 f   Exception.obj
 0001:00000980       ?divide_by_zero_fault@@YAXIIII@Z c0000d80 f   Exception.obj
 0001:000009b0       ?single_step_trap@@YAXIII@Z c0000db0 f   Exception.obj
 0001:000009c0       ?nmi_trap@@YAXIII@Z        c0000dc0 f   Exception.obj
 0001:000009d0       ?breakpoint_trap@@YAXIII@Z c0000dd0 f   Exception.obj
 0001:000009e0       ?overflow_trap@@YAXIII@Z   c0000de0 f   Exception.obj
 0001:000009f0       ?bounds_check_fault@@YAXIII@Z c0000df0 f   Exception.obj
 0001:00000a00       ?invalid_opcode_fault@@YAXIII@Z c0000e00 f   Exception.obj
 0001:00000a30       ?no_device_fault@@YAXIII@Z c0000e30 f   Exception.obj
 0001:00000a40       ?double_fault_abort@@YAXIIII@Z c0000e40 f   Exception.obj
 0001:00000a50       ?invalid_tss_fault@@YAXIIII@Z c0000e50 f   Exception.obj
 0001:00000a60       ?no_segment_fault@@YAXIIII@Z c0000e60 f   Exception.obj
 0001:00000a70       ?stack_fault@@YAXIIII@Z    c0000e70 f   Exception.obj
 0001:00000a80       ?general_protection_fault@@YAXIIII@Z c0000e80 f   Exception.obj
 0001:00000a90       ?page_fault@@YAXIIII@Z     c0000e90 f   Exception.obj
 0001:00000ad0       ?fpu_fault@@YAXIII@Z       c0000ed0 f   Exception.obj
 0001:00000ae0       ?alignment_check_fault@@YAXIIII@Z c0000ee0 f   Exception.obj
 0001:00000af0       ?machine_check_abort@@YAXIII@Z c0000ef0 f   Exception.obj
 0001:00000b00       ?simd_fpu_fault@@YAXIII@Z  c0000f00 f   Exception.obj
 0001:00000b10       ?ToDosFileName@@YAXPBDPADI@Z c0000f10 f   FAT12.obj
 0001:00000c30       ?fsysFatGetFilesInRoot@@YAXPAD@Z c0001030 f   FAT12.obj
 0001:00000c80       ?fsysFatGetNumberOfFilesInRoot@@YADXZ c0001080 f   FAT12.obj
 0001:00000cd0       ?fsysFatDirectory@@YA?AU_FILE@@PBD@Z c00010d0 f   FAT12.obj
 0001:00000db0       ?fsysFatRead@@YAXPAU_FILE@@PAEI@Z c00011b0 f   FAT12.obj
 0001:00000ec0       ?fsysFatClose@@YAXPAU_FILE@@@Z c00012c0 f   FAT12.obj
 0001:00000ed0       ?fsysFatOpenSubDir@@YA?AU_FILE@@U1@PBD@Z c00012d0 f   FAT12.obj
 0001:00000fc0       ?fsysFatOpen@@YA?AU_FILE@@PBD@Z c00013c0 f   FAT12.obj
 0001:00001160       ?fsysFatMount@@YAXXZ       c0001560 f   FAT12.obj
 0001:000011f0       ?fsysFatInitialize@@YAXU__DATA_DEVICE@@@Z c00015f0 f   FAT12.obj
 0001:00001250       ?volOpenFile@@YA?AU_FILE@@PBD@Z c0001650 f   FileSystem.obj
 0001:000012c0       ?volReadFile@@YAXPAU_FILE@@PAEI@Z c00016c0 f   FileSystem.obj
 0001:000012e0       ?volCloseFile@@YAXPAU_FILE@@@Z c00016e0 f   FileSystem.obj
 0001:00001300       ?volRegisterFileSystem@@YAXPAU_FILE_SYSTEM@@I@Z c0001700 f   FileSystem.obj
 0001:00001330       ?i86_flpy_irq@@YAXXZ       c0001730 f   FloppyDrive.obj
 0001:00001350       ?flpydsk_check_int@@YAXPAI0@Z c0001750 f   FloppyDrive.obj
 0001:00001400       ?flpydsk_drive_data@@YAXEEE_N@Z c0001800 f   FloppyDrive.obj
 0001:000014c0       ?flpydsk_calibrate@@YAHE@Z c00018c0 f   FloppyDrive.obj
 0001:00001620       ?flpydsk_reset@@YAXXZ      c0001a20 f   FloppyDrive.obj
 0001:000016a0       ?flpydsk_read_sector_imp@@YAXEEE@Z c0001aa0 f   FloppyDrive.obj
 0001:00001930       ?flpydsk_write_sector@@YAXPAEII@Z c0001d30 f   FloppyDrive.obj
 0001:00001940       ?flpydsk_seek@@YAHEE@Z     c0001d40 f   FloppyDrive.obj
 0001:00001a60       ?flpydsk_install@@YAXH@Z   c0001e60 f   FloppyDrive.obj
 0001:00001a90       ?flpydsk_set_working_drive@@YAXE@Z c0001e90 f   FloppyDrive.obj
 0001:00001aa0       ?flpydsk_read_sector@@YAPAEH@Z c0001ea0 f   FloppyDrive.obj
 0001:00001ba0       ?i86_gdt_initialize@@YAHXZ c0001fa0 f   GDT.obj
 0001:00001c60       ?i86_gdt_setup@@YA_NH@Z    c0002060 f   GDT.obj
 0001:00001c80       ?hdd_set_working_drive@@YAXH@Z c0002080 f   HardDrive.obj
 0001:00001c90       ?hdd_read_sector@@YAPADH@Z c0002090 f   HardDrive.obj
 0001:00001d50       ?hdd_init@@YAXH@Z          c0002150 f   HardDrive.obj
 0001:00001d60       ?outport@@YAXGE@Z          c0002160 f   HComm.obj
 0001:00001d70       ?inport@@YAEG@Z            c0002170 f   HComm.obj
 0001:00001d80       ?outportW@@YAXGI@Z         c0002180 f   HComm.obj
 0001:00001d90       ?inportW@@YAIG@Z           c0002190 f   HComm.obj
 0001:00001db0       ?interruptdone@@YAXI@Z     c00021b0 f i HComm.obj
 0001:00001de0       ?setint@@YAXHP6AXXZ@Z      c00021e0 f   HComm.obj
 0001:00001e00       ?sleep@@YAXH@Z             c0002200 f   HComm.obj
 0001:00001e30       ?getFileSize@@YAHPAD@Z     c0002230 f   HComm.obj
 0001:00001e70       ?loadFileToLoc@@YA_NPADPAX@Z c0002270 f   HComm.obj
 0001:00001ef0       ?kkybrd_set_leds@@YAX_N00@Z c00022f0 f   hw_keyboard.obj
 0001:00001f50       ?kkybrd_discard_last_key@@YAXXZ c0002350 f   hw_keyboard.obj
 0001:00001f60       ?kkybrd_key_to_ascii@@YADW4KEYCODE@@@Z c0002360 f   hw_keyboard.obj
 0001:000020b0       ?kkybrd_enable@@YAXXZ      c00024b0 f   hw_keyboard.obj
 0001:000020e0       ?kkybrd_read_key@@YAXXZ    c00024e0 f   hw_keyboard.obj
 0001:000022c0       ?i86_kybrd_irq@@YAXXZ      c00026c0 f   hw_keyboard.obj
 0001:000022e0       ?kkybrd_get_last_key@@YA?AW4KEYCODE@@XZ c00026e0 f   hw_keyboard.obj
 0001:00002300       ?kkybrd_install@@YAXH@Z    c0002700 f   hw_keyboard.obj
 0001:000023a0       ?fillMouseState@@YAXPAUMOUSE_STATE@@@Z c00027a0 f   hw_mouse.obj
 0001:000023c0       ?mice_install@@YA_NXZ      c00027c0 f   hw_mouse.obj
 0001:000023f0       ?i86_install_ir@@YAHIGGP6AXXZ@Z c00027f0 f   IDT.obj
 0001:00002440       ?i86_idt_initialize@@YAHG@Z c0002840 f   IDT.obj
 0001:000024c0       ?i86_setup@@YA_NH@Z        c00028c0 f   IDT.obj
 0001:000024f0       _main                      c00028f0 f   main.obj
 0001:00002a30       ?math_abs@@YAIH@Z          c0002e30 f   Math.obj
 0001:00002a40       ?getStringOfClass@@YAPADE@Z c0002e40 f   PCI.obj
 0001:00002c20       ?PCI_test@@YAXXZ           c0003020 f   PCI.obj
 0001:00002db0       ?PE_loadDLL@@YAPAUPE_EXPORT_LIST@@PADH@Z c00031b0 f   PELoader.obj
 0001:00002fd0       ?PE_checkImport@@YA_NPAUPeDataDirectory@@@Z c00033d0 f   PELoader.obj
 0001:00003000       ?PE_mapApp@@YA_NPADH@Z     c0003400 f   PELoader.obj
 0001:00003220       ?PE_dumpApp@@YA_NPADH@Z    c0003620 f   PELoader.obj
 0001:000034e0       ?pic_send_command@@YAXEE@Z c00038e0 f i PIC.obj
 0001:00003510       ?pic_initialize@@YA_NEE@Z  c0003910 f   PIC.obj
 0001:00003580       ?initProcessManager@@YAXXZ c0003980 f   PIT.obj
 0001:000035f0       ?setCurrentProc@@YAXPAU__PROCESS@@@Z c00039f0 f   PIT.obj
 0001:00003610       ?i86_pit_irq@@YAXXZ        c0003a10 f   PIT.obj
 0001:00003710       ?i86_pit_get_tick_count@@YAIXZ c0003b10 f   PIT.obj
 0001:00003720       ?i86_pit_start_counter@@YAXIEE@Z c0003b20 f   PIT.obj
 0001:00003780       ?i86_pit_initialize@@YA_NXZ c0003b80 f   PIT.obj
 0001:000037a0       ?memcpy@@YAXPAD0H@Z        c0003ba0 f   pMemory.obj
 0001:000037c0       ?memcpyTF@@YAXPAD0H@Z      c0003bc0 f   pMemory.obj
 0001:000037e0       ?memset@@YAPAXPAXDI@Z      c0003be0 f   pMemory.obj
 0001:00003800       ?pm_setup@@YA_NPAD@Z       c0003c00 f   pMemory.obj
 0001:00003810       ?malloc@@YAPAXH@Z          c0003c10 f   pMemory.obj
 0001:00003830       ?malloc_ps@@YAPAXPADH@Z    c0003c30 f   pMemory.obj
 0001:00003840       ?allocStack@@YAPAEPAU__PROCESS@@@Z c0003c40 f   ProcessManager.obj
 0001:00003870       ?doRealModeInterrupt@@YAXDDD@Z c0003c70 f   realmodewrapper.obj
 0001:000038b0       ?rtc_getYear@@YAHXZ        c0003cb0 f   RTC.obj
 0001:000038d0       ?rtc_getMonth@@YAHXZ       c0003cd0 f   RTC.obj
 0001:000038f0       ?rtc_getDayOfMonth@@YAHXZ  c0003cf0 f   RTC.obj
 0001:00003910       ?rtc_getWeekday@@YAHXZ     c0003d10 f   RTC.obj
 0001:00003930       ?rtc_getHour@@YAHXZ        c0003d30 f   RTC.obj
 0001:00003950       ?rtc_getMinute@@YAHXZ      c0003d50 f   RTC.obj
 0001:00003970       ?rtc_getSecond@@YAHXZ      c0003d70 f   RTC.obj
 0001:00003990       ?handleSysCall@@YAXXZ      c0003d90 f   SystemCalls.obj
 0001:00003eb0       ?isVGA@@YA_NXZ             c00042b0 f   VGAdriver.obj
 0001:00003ec0       ?savePalette@@YAXPAUpalette_entry@@@Z c00042c0 f   VGAdriver.obj
 0001:00003f20       ?VGA_setfont@@YAXPAD@Z     c0004320 f   VGAdriver.obj
 0001:00003f30       ?VGA_clear_screen@@YAXXZ   c0004330 f   VGAdriver.obj
 0001:00003f90       ?VGA_put_char@@YAXHHDD@Z   c0004390 f   VGAdriver.obj
 0001:00004040       ?VGA_put_image@@YAXHHPAD@Z c0004440 f   VGAdriver.obj
 0001:00004120       ?VGA_put_pixel@@YAXHHD@Z   c0004520 f   VGAdriver.obj
 0001:000041e0       ?VGA_put_line@@YAXHHHHD@Z  c00045e0 f   VGAdriver.obj
 0001:000042b0       ?VGA_put_rectangle@@YAXHHHHD@Z c00046b0 f   VGAdriver.obj
 0001:00004300       ?write_registers@@YAXPAE@Z c0004700 f   VGAdriver.obj
 0001:00004480       ?restorePalette@@YAXPAUpalette_entry@@@Z c0004880 f   VGAdriver.obj
 0001:00004500       ?VGA_init@@YAXHHH@Z        c0004900 f   VGAdriver.obj
 0001:00004630       ?VGA_deinit@@YAXXZ         c0004a30 f   VGAdriver.obj
 0001:00004680       ?VGA_put_string@@YAXHHPADD@Z c0004a80 f   VGAdriver.obj
 0001:00004760       ?vd_getCurrentDataDevice@@YA?AU__DATA_DEVICE@@XZ c0004b60 f   VirtualDevice.obj
 0001:00004780       ?vd_populate@@YA_NXZ       c0004b80 f   VirtualDevice.obj
 0001:00004870       ?vm_setup@@YA_NPAX@Z       c0004c70 f   vMemory.obj
 0001:000048a0       ?vm_map_virt_to_phys@@YAXHH@Z c0004ca0 f   vMemory.obj
 0001:00004900       ?vm_enable_paging@@YA_NXZ  c0004d00 f   vMemory.obj
 0001:00004920       ?strcmp@@YAHPBD0@Z         c0004d20 f   Lib:string.obj
 0001:00004970       ?strlcmp@@YA_NPAD0H@Z      c0004d70 f   Lib:string.obj
 0001:000049a0       ?strcpy@@YAPADPADPBD@Z     c0004da0 f   Lib:string.obj
 0001:000049c0       ?strlen@@YAIPBD@Z          c0004dc0 f   Lib:string.obj
 0001:000049e0       ?strchr@@YAPADPADH@Z       c0004de0 f   Lib:string.obj
 0001:00004a10       ?Exit@@YAXXZ               c0004e10 f   Lib:cstd.obj
 0001:00004a50       ?InitializeConstructors@@YAXXZ c0004e50 f   Lib:cstd.obj
 0002:00000000       ??_C@_08KPNDKLJK@RSD?5PTR?5?$AA@ c0005000     ACPI.obj
 0002:0000000c       ??_C@_0N@CPDMECFE@?6RSDT?5?$EA?50x?$CFx?$AA@ c000500c     ACPI.obj
 0002:0000001c       ??_C@_0BE@MCMPDEHP@?6ACPI?5version?3?5?$CFd?40?$AA@ c000501c     ACPI.obj
 0002:00000030       ??_C@_0N@HCNABDFI@?6RSDP?5?$EA?50x?$CFx?$AA@ c0005030     ACPI.obj
 0002:00000040       ??_C@_0BB@LMHENEOH@?6ACPI?5testing?4?4?4?$AA@ c0005040     ACPI.obj
 0002:00000054       ??_C@_01HIHLOKLC@1?$AA@    c0005054     currentTest.obj
 0002:00000058       ??_C@_01FDFGLJHB@2?$AA@    c0005058     currentTest.obj
 0002:0000005c       ??_C@_01EKENIIDA@3?$AA@    c000505c     currentTest.obj
 0002:00000060       ??_C@_0EG@EFLEAAGH@Divide?5by?50?5at?5physical?5address?5@ c0005060     Exception.obj
 0002:000000a8       ??_C@_0M@HBBAMPBG@Single?5step?$AA@ c00050a8     Exception.obj
 0002:000000b4       ??_C@_08MAEPCHJN@NMI?5trap?$AA@ c00050b4     Exception.obj
 0002:000000c0       ??_C@_0BA@MJDBKJBI@Breakpoint?5trap?$AA@ c00050c0     Exception.obj
 0002:000000d0       ??_C@_0O@NPIPDPLG@Overflow?5trap?$AA@ c00050d0     Exception.obj
 0002:000000e0       ??_C@_0BD@OAFDEGEK@Bounds?5check?5fault?$AA@ c00050e0     Exception.obj
 0002:000000f4       ??_C@_0DF@BNKMBDNA@?6?$CK?$CK?$CK?5STOP?3?5Invalid?5opcode?5at?50x?$CF@ c00050f4     Exception.obj
 0002:0000012c       ??_C@_0BB@KJJKIIDM@Device?5not?5found?$AA@ c000512c     Exception.obj
 0002:00000140       ??_C@_0N@EMHPBCJE@Double?5fault?$AA@ c0005140     Exception.obj
 0002:00000150       ??_C@_0M@OLMALBPG@Invalid?5TSS?$AA@ c0005150     Exception.obj
 0002:0000015c       ??_C@_0BA@FIBIGBGL@Invalid?5segment?$AA@ c000515c     Exception.obj
 0002:0000016c       ??_C@_0M@LEEDKLOB@Stack?5fault?$AA@ c000516c     Exception.obj
 0002:00000178       ??_C@_0BJ@JKJOCMHH@General?5Protection?5Fault?$AA@ c0005178     Exception.obj
 0002:00000194       ??_C@_0M@EBNJMEJL@Page?5fault?$CB?$AA@ c0005194     Exception.obj
 0002:000001a0       ??_C@_0DC@JDMANOJG@Page?5Fault?5at?50x?$CFx?30x?$CFx?5referenc@ c00051a0     Exception.obj
 0002:000001d4       ??_C@_09ENEAMLC@FPU?5Fault?$AA@ c00051d4     Exception.obj
 0002:000001e0       ??_C@_0BA@DLJHEABO@Alignment?5Check?$AA@ c00051e0     Exception.obj
 0002:000001f0       ??_C@_0O@LALCKNGJ@Machine?5Check?$AA@ c00051f0     Exception.obj
 0002:00000200       ??_C@_0P@JHGCNKG@FPU?5SIMD?5fault?$AA@ c0005200     Exception.obj
 0002:00000210       ??_C@_05HOBJIFPH@FAT12?$AA@ c0005210     FAT12.obj
 0002:00000218       ??_C@_0BP@OOOIHOGD@?6Unhandled?5Exception?5?$CIhalted?$CJ?6?$AA@ c0005218     IDT.obj
 0002:00000238       ??_C@_07INNMNHPJ@cmd?4exe?$AA@ c0005238     main.obj
 0002:00000240       ??_C@_0BE@LCPKODCM@?6Loading?5up?5shell?3?5?$AA@ c0005240     main.obj
 0002:00000254       ??_C@_0CJ@KMJKDNIK@?6Multitasking?5Testing?5has?5been?5d@ c0005254     main.obj
 0002:00000280       ??_C@_0CN@DLLMGEPA@Press?5any?5key?5to?5continue?5to?5the@ c0005280     main.obj
 0002:000002b0       ??_C@_0O@CHBMCDKH@Saving?5font?3?5?$AA@ c00052b0     main.obj
 0002:000002c0       ??_C@_0BB@CAIKOGDG@Mounting?5FAT12?3?5?$AA@ c00052c0     main.obj
 0002:000002d4       ??_C@_0BH@BHKEMDDP@Setting?5up?5drives?3?5?$CFs?6?$AA@ c00052d4     main.obj
 0002:000002ec       ??_C@_0BG@HNCICFID@Setting?5up?5Mouse?3?5?$CFs?6?$AA@ c00052ec     main.obj
 0002:00000304       ??_C@_08GLNGGDPJ@DISABLED?$AA@ c0005304     main.obj
 0002:00000310       ??_C@_0BG@GHPIMDEG@Setting?5up?5Keyboard?3?5?$AA@ c0005310     main.obj
 0002:00000328       ??_C@_0BN@MKEKCMMH@Enabling?5Exceptions?5?$CG?5IRQs?3?5?$AA@ c0005328     main.obj
 0002:00000348       ??_C@_0BE@NKMGLHLP@Setting?5up?5PIT?3?5?$CFs?6?$AA@ c0005348     main.obj
 0002:0000035c       ??_C@_0BF@NJONCFJE@Setting?5up?5PICs?3?5?$CFs?6?$AA@ c000535c     main.obj
 0002:00000374       ??_C@_0BE@EBKAFGEE@Setting?5up?5IDT?3?5?$CFs?6?$AA@ c0005374     main.obj
 0002:00000388       ??_C@_0BE@IJGCINNG@Setting?5up?5GDT?3?5?$CFs?6?$AA@ c0005388     main.obj
 0002:0000039c       ??_C@_0BF@OCGOOMEB@Enabling?5Paging?3?5?$CFs?6?$AA@ c000539c     main.obj
 0002:000003b4       ??_C@_03JLOMOCCD@OK?6?$AA@ c00053b4     main.obj
 0002:000003b8       ??_C@_0BE@CFDKAHDD@Setting?5up?5Paging?3?5?$AA@ c00053b8     main.obj
 0002:000003cc       ??_C@_0CE@EEMONILL@Loading?5Virtual?5Memory?5Manager?3?5@ c00053cc     main.obj
 0002:000003f0       ??_C@_0CF@JENKCJHG@Loading?5Physical?5Memory?5Manager?3@ c00053f0     main.obj
 0002:00000418       ??_C@_05MBDEGLCK@ERROR?$AA@ c0005418     main.obj
 0002:00000420       ??_C@_02GIPFHKNO@OK?$AA@   c0005420     main.obj
 0002:00000424       ??_C@_0L@DNGAJNGH@0xC0000000?$AA@ c0005424     main.obj
 0002:00000430       ??_C@_0CD@CHEEAOJK@LevOS2?5loading?5Kernel?5Version?3?5?$CF@ c0005430     main.obj
 0002:00000454       ??_C@_06FMMPDGK@060713?$AA@ c0005454     main.obj
 0002:0000045c       ??_C@_07NBCGADJA@Unknown?$AA@ c000545c     PCI.obj
 0002:00000464       ??_C@_06KEEMJMBN@No?9fit?$AA@ c0005464     PCI.obj
 0002:0000046c       ??_C@_0DC@KGLECONI@Data?5Acquisition?5and?5Signal?5Proc@ c000546c     PCI.obj
 0002:000004a0       ??_C@_0CB@GFHLBNPL@Encryption?1Decryption?5Controller@ c00054a0     PCI.obj
 0002:000004c4       ??_C@_0CD@PKDALBEP@Satellite?5Communication?5Controll@ c00054c4     PCI.obj
 0002:000004e8       ??_C@_0BL@MELBNFBC@Intelligent?5I?1O?5Controller?$AA@ c00054e8     PCI.obj
 0002:00000504       ??_C@_0BE@HDDMCLPL@Wireless?5Controller?$AA@ c0005504     PCI.obj
 0002:00000518       ??_C@_0BG@JGLEPAOP@Serial?5Bus?5Controller?$AA@ c0005518     PCI.obj
 0002:00000530       ??_C@_09JOCICBA@Processor?$AA@ c0005530     PCI.obj
 0002:0000053c       ??_C@_0BA@BCAHNJPL@Docking?5Station?$AA@ c000553c     PCI.obj
 0002:0000054c       ??_C@_0N@DLFBPJHG@Input?5Device?$AA@ c000554c     PCI.obj
 0002:0000055c       ??_C@_0BI@GBGGMPO@Base?5System?5Peripherial?$AA@ c000555c     PCI.obj
 0002:00000574       ??_C@_0CA@LCDCDNCF@Simple?5Communication?5Controller?$AA@ c0005574     PCI.obj
 0002:00000594       ??_C@_0O@FHKOPOMC@Bridge?5Device?$AA@ c0005594     PCI.obj
 0002:000005a4       ??_C@_0BC@HBOKPOON@Memory?5Controller?$AA@ c00055a4     PCI.obj
 0002:000005b8       ??_C@_0BG@JELBIFKK@Multimedia?5Controller?$AA@ c00055b8     PCI.obj
 0002:000005d0       ??_C@_0BD@GKNBFHEP@Display?5Controller?$AA@ c00055d0     PCI.obj
 0002:000005e4       ??_C@_0BD@JKDNBFA@Network?5Controller?$AA@ c00055e4     PCI.obj
 0002:000005f8       ??_C@_0BI@KDCLLJEB@Mass?5Storage?5Controller?$AA@ c00055f8     PCI.obj
 0002:00000610       ??_C@_0BC@MHIGDKLC@?6?5?5?5?5?5?5?5?5Ergo?0?5?$CFs?$AA@ c0005610     PCI.obj
 0002:00000624       ??_C@_0CG@KJDCIMEK@?6?5?5?5?5?5?5?5?5ClassId?$DN0x?$CFx?5SubclassId@ c0005624     PCI.obj
 0002:00000650       ??_C@_0ED@BAHLBCOH@?6PCI?3?5Bus?3?50x?$CFX?5Slot?3?50x?$CFx?5Funct@ c0005650     PCI.obj
 0002:00000694       ??_C@_0P@GELAMMA@?6PCI?5testing?4?4?$AA@ c0005694     PCI.obj
 0002:000006a8       ??_C@_0EE@DECBGOPC@?6DLL?5needs?5relocation?$CB?5ImageBase@ c00056a8     PELoader.obj
 0002:000006ec       ??_C@_0CG@HKKCFNDF@?6ERROR?3?5Not?5a?5valid?5LevOS?5execut@ c00056ec     PELoader.obj
 0002:00000714       ??_C@_0CC@CHBMNKGO@?6ERROR?3?5File?5is?5not?5for?5starting@ c0005714     PELoader.obj
 0002:00000738       ??_C@_0BN@NGGEOPCA@?6ERROR?3?5Not?5a?5valid?5PE?5file?$CB?$AA@ c0005738     PELoader.obj
 0002:00000758       ??_C@_0CA@EHGLJJPJ@?6?9?9?9?$DO?$CFs?$CI?$CJ?5at?50x?$CFx?0?5ordinal?50x?$CFx?$AA@ c0005758     PELoader.obj
 0002:00000778       ??_C@_0EL@KHKFHGDG@?6?9?$DOThis?5is?5an?5export?5directory?0?5@ c0005778     PELoader.obj
 0002:000007c4       ??_C@_0BI@NEHPEHBO@?6?9?9?$DOHint?$DN?50x?$CFX?0?5name?$DN?$CFs?$AA@ c00057c4     PELoader.obj
 0002:000007dc       ??_C@_0BP@PEEAFDLG@?6?9?9?$DOFirst?5thunk?5points?5to?50x?$CFx?$AA@ c00057dc     PELoader.obj
 0002:000007fc       ??_C@_0CE@KEIAOLOP@?6?9?9?$DOFound?5DLL?5import?5from?5module@ c00057fc     PELoader.obj
 0002:00000820       ??_C@_0CA@FFOAOACM@?6?9?$DOThis?5is?5an?5import?5directory?$CB?$AA@ c0005820     PELoader.obj
 0002:00000840       ??_C@_0CE@LDBOEGHI@?6?9?9?9?$DOReloc?3?5Offset?3?50x?$CFx?5Type?3?50@ c0005840     PELoader.obj
 0002:00000864       ??_C@_0DD@LAMGDPIJ@?6?9?9?$DOPage?50x?$CFx?5found?5?$CFd?5relocatio@ c0005864     PELoader.obj
 0002:00000898       ??_C@_0BP@NFHKIMHM@?6?9?$DOThis?5is?5a?5relocation?5table?$CB?$AA@ c0005898     PELoader.obj
 0002:000008b8       ??_C@_0DC@BPNEFLBD@?6Found?5datadirectory?3?5id?$DN0x?$CFx?0?5V@ c00058b8     PELoader.obj
 0002:000008ec       ??_C@_0DD@LEJFHGOK@?6Copying?5?$CFs?5section?5to?50x?$CFX?5from@ c00058ec     PELoader.obj
 0002:00000920       ??_C@_0GM@FIPENAL@?6Magic?$DN0x?$CFx?6SizeOfCode?$DN0x?$CFx?6Size@ c0005920     PELoader.obj
 0002:0000098c       ??_C@_0BN@ODBFINGP@?6Dumping?5PeOptionalHeader?4?4?4?$AA@ c000598c     PELoader.obj
 0002:000009ac       ??_C@_0DA@FMDFCJBC@?6?5?5?5Stack?5allocated?5at?3?50x?$CFx?5gro@ c00059ac     ProcessManager.obj
 0002:000009dc       ??_C@_09MEJHBFNJ@RMODE?4SYS?$AA@ c00059dc     realmodewrapper.obj
 0002:000009e8       ??_C@_0DL@NJJOPAOO@?6Goin?8?5to?5Real?5Mode?$CB?5Bye?5good?5li@ c00059e8     realmodewrapper.obj
 0002:00000a24       ??_C@_02NJNOFBBI@?$CFx?$AA@ c0005a24     SystemCalls.obj
 0002:00000a28       ??_C@_02IKAHHCAI@?$CFi?$AA@ c0005a28     SystemCalls.obj
 0002:00000a2c       ??_C@_02DKCKIIND@?$CFs?$AA@ c0005a2c     SystemCalls.obj
 0002:00000a30       ??_C@_0P@CEBGFEPC@HARDDISKDRIVER?$AA@ c0005a30     VirtualDevice.obj
 0002:00000a40       ??_C@_0BB@NLFDNKDP@FLOPPYDISKDRIVER?$AA@ c0005a40     VirtualDevice.obj
 0003:00000000       ?__xc_a@@3PAP6AXXZA        c0005c00     Lib:cstd.obj
 0003:00000004       ?__xc_z@@3PAP6AXXZA        c0005c04     Lib:cstd.obj
 0003:00000008       ?bchars@@3PADA             c0005c08     DebugDisplay.obj
 0003:00000178       ?mode_320_200_256@@3PAEA   c0005d78     VGAdriver.obj
 0003:000001b8       ?mode_80_25_text@@3PAEA    c0005db8     VGAdriver.obj
 0003:000001f8       ?mode_640_480_16@@3PAEA    c0005df8     VGAdriver.obj
 0003:00000a3c       __fltused                  c000663c     Lib:cstd.obj
 0003:00000a40       ?rsdp@@3PAURSDPDescriptor@@A c0006640     ACPI.obj
 0003:00000a44       ?tbuf@@3PADA               c0006644     DebugDisplay.obj
 0003:00000a78       ?_MountInfo@@3U_MOUNT_INFO@@A c0006678     FAT12.obj
 0003:00000a94       ?_FSysFat@@3U_FILE_SYSTEM@@A c0006694     FAT12.obj
 0003:00000ab8       ?FAT@@3PAEA                c00066b8     FAT12.obj
 0003:00000eb8       ?_FileSystems@@3PAPAU_FILE_SYSTEM@@A c0006ab8     FileSystem.obj
 0003:00001f10       ?regs@@3Uregs_t@@A         c0007b10     SystemCalls.obj
 0003:00001f12       ?c@@3DA                    c0007b12     SystemCalls.obj
 0003:00001f13       ?vgacol@@3DA               c0007b13     SystemCalls.obj
 0003:00001f14       ?string@@3PADA             c0007b14     SystemCalls.obj
 0003:00001f18       ?id@@3HA                   c0007b18     SystemCalls.obj
 0003:00001f1c       ?a@@3HA                    c0007b1c     SystemCalls.obj
 0003:00001f20       ?b@@3HA                    c0007b20     SystemCalls.obj
 0003:00001f24       ?d@@3HA                    c0007b24     SystemCalls.obj
 0003:00001f28       ?e@@3HA                    c0007b28     SystemCalls.obj
 0003:00001f2c       ?_ebx@@3HA                 c0007b2c     SystemCalls.obj
 0003:00001f30       ?f@@3DA                    c0007b30     SystemCalls.obj
 0003:00001f31       ?_b@@3_NA                  c0007b31     SystemCalls.obj
 0003:00001f34       ?data@@3PAU___RTC__STRUCT@@A c0007b34     SystemCalls.obj
 0003:00001f38       ?vidmem@@3PADA             c0007b38     VGAdriver.obj
 0003:00001f3c       ?VGA_bpp@@3IA              c0007b3c     VGAdriver.obj
 0003:00001f40       ?VGA_width@@3IA            c0007b40     VGAdriver.obj
 0003:00001f44       ?VGA_address@@3PAEA        c0007b44     VGAdriver.obj
 0003:00001f48       ?mode@@3UVIDEO_MODE@@A     c0007b48     VGAdriver.obj
 0003:00001f5c       ?__font@@3PADA             c0007b5c     VGAdriver.obj
 0003:00001f60       ?savedPalette@@3PAUpalette_entry@@A c0007b60     VGAdriver.obj
 0003:00002260       ?VGA_height@@3IA           c0007e60     VGAdriver.obj
 0003:00002308       ?floppy@@3U__DATA_DEVICE@@A c0007f08     VirtualDevice.obj
 0003:00002328       ?hdd@@3U__DATA_DEVICE@@A   c0007f28     VirtualDevice.obj
 0003:00002348       ?last_page@@3PAIA          c0007f48     vMemory.obj
 0003:0000234c       ?pd@@3PAIA                 c0007f4c     vMemory.obj

 entry point at        0000:00000000

 Static symbols

 0001:000023d0       ?i86_default_handler@@YAXXZ c00027d0 f   IDT.obj
 0001:00004140       ?write_pixel4p@@YAXIII@Z   c0004540 f   VGAdriver.obj
