 KRNL32

 Timestamp is 51d59ff2 (Thu Jul 04 18:16:50 2013)

 Preferred load address is c0000000

 Start         Length     Name                   Class
 0001:00000000 000045b8H .text                   CODE
 0002:00000000 00000969H .rdata                  DATA
 0003:00000000 00000004H .CRT$XCA                DATA
 0003:00000004 00000004H .CRT$XCZ                DATA
 0003:00000008 00000a30H .data                   DATA
 0003:00000a38 0000192cH .bss                    DATA
 0004:00000000 00000058H .rsrc$01                DATA
 0004:00000060 00000320H .rsrc$02                DATA

  Address         Publics by Value              Rva+Base       Lib:Object

 0000:00000000       ___safe_se_handler_table   00000000     <absolute>
 0000:00000000       ___safe_se_handler_count   00000000     <absolute>
 0001:00000000       ?fifo_init@@YAXPAUfifo_t@@PADH@Z c0000400 f   buf_fifo.obj
 0001:00000020       ?DebugGotoRXY@@YAXII@Z     c0000420 f   DebugDisplay.obj
 0001:00000040       ?DebugSetColor@@YAII@Z     c0000440 f   DebugDisplay.obj
 0001:00000050       ?DebugClrScr@@YAXG@Z       c0000450 f   DebugDisplay.obj
 0001:00000090       ?DebugScrollUp@@YAXXZ      c0000490 f   DebugDisplay.obj
 0001:000000d0       ?DebugPutc@@YAXE@Z         c00004d0 f   DebugDisplay.obj
 0001:00000150       ?DebugPuts@@YAXPAD@Z       c0000550 f   DebugDisplay.obj
 0001:00000200       ?DebugPrintf@@YAHPBDZZ     c0000600 f   DebugDisplay.obj
 0001:00000510       ?dma_mask_channel@@YAXE@Z  c0000910 f   DMA.obj
 0001:00000550       ?dma_unmask_all@@YAXH@Z    c0000950 f   DMA.obj
 0001:00000570       ?dma_reset@@YAXH@Z         c0000970 f   DMA.obj
 0001:00000580       ?dma_reset_flipflop@@YAXH@Z c0000980 f   DMA.obj
 0001:000005b0       ?dma_set_address@@YAXEEE@Z c00009b0 f   DMA.obj
 0001:00000640       ?dma_set_count@@YAXEEE@Z   c0000a40 f   DMA.obj
 0001:000006d0       ?dma_set_mode@@YAXEE@Z     c0000ad0 f   DMA.obj
 0001:00000750       ?dma_set_read@@YAXE@Z      c0000b50 f   DMA.obj
 0001:00000760       ?kernel_entry@@YAXXZ       c0000b60 f   entry.obj
 0001:000007a0       ?kernel_panic@@YAXPBDZZ    c0000ba0 f   Exception.obj
 0001:000007f0       ?divide_by_zero_fault@@YAXIIII@Z c0000bf0 f   Exception.obj
 0001:00000820       ?single_step_trap@@YAXIII@Z c0000c20 f   Exception.obj
 0001:00000830       ?nmi_trap@@YAXIII@Z        c0000c30 f   Exception.obj
 0001:00000840       ?breakpoint_trap@@YAXIII@Z c0000c40 f   Exception.obj
 0001:00000850       ?overflow_trap@@YAXIII@Z   c0000c50 f   Exception.obj
 0001:00000860       ?bounds_check_fault@@YAXIII@Z c0000c60 f   Exception.obj
 0001:00000870       ?invalid_opcode_fault@@YAXIII@Z c0000c70 f   Exception.obj
 0001:000008a0       ?no_device_fault@@YAXIII@Z c0000ca0 f   Exception.obj
 0001:000008b0       ?double_fault_abort@@YAXIIII@Z c0000cb0 f   Exception.obj
 0001:000008c0       ?invalid_tss_fault@@YAXIIII@Z c0000cc0 f   Exception.obj
 0001:000008d0       ?no_segment_fault@@YAXIIII@Z c0000cd0 f   Exception.obj
 0001:000008e0       ?stack_fault@@YAXIIII@Z    c0000ce0 f   Exception.obj
 0001:000008f0       ?general_protection_fault@@YAXIIII@Z c0000cf0 f   Exception.obj
 0001:00000900       ?page_fault@@YAXIIII@Z     c0000d00 f   Exception.obj
 0001:00000940       ?fpu_fault@@YAXIII@Z       c0000d40 f   Exception.obj
 0001:00000950       ?alignment_check_fault@@YAXIIII@Z c0000d50 f   Exception.obj
 0001:00000960       ?machine_check_abort@@YAXIII@Z c0000d60 f   Exception.obj
 0001:00000970       ?simd_fpu_fault@@YAXIII@Z  c0000d70 f   Exception.obj
 0001:00000980       ?ToDosFileName@@YAXPBDPADI@Z c0000d80 f   FAT12.obj
 0001:00000aa0       ?fsysFatGetFilesInRoot@@YAXPAD@Z c0000ea0 f   FAT12.obj
 0001:00000af0       ?fsysFatGetNumberOfFilesInRoot@@YADXZ c0000ef0 f   FAT12.obj
 0001:00000b40       ?fsysFatDirectory@@YA?AU_FILE@@PBD@Z c0000f40 f   FAT12.obj
 0001:00000c20       ?fsysFatRead@@YAXPAU_FILE@@PAEI@Z c0001020 f   FAT12.obj
 0001:00000d30       ?fsysFatClose@@YAXPAU_FILE@@@Z c0001130 f   FAT12.obj
 0001:00000d40       ?fsysFatOpenSubDir@@YA?AU_FILE@@U1@PBD@Z c0001140 f   FAT12.obj
 0001:00000e30       ?fsysFatOpen@@YA?AU_FILE@@PBD@Z c0001230 f   FAT12.obj
 0001:00000fd0       ?fsysFatMount@@YAXXZ       c00013d0 f   FAT12.obj
 0001:00001060       ?fsysFatInitialize@@YAXU__DATA_DEVICE@@@Z c0001460 f   FAT12.obj
 0001:000010c0       ?volOpenFile@@YA?AU_FILE@@PBD@Z c00014c0 f   FileSystem.obj
 0001:00001130       ?volReadFile@@YAXPAU_FILE@@PAEI@Z c0001530 f   FileSystem.obj
 0001:00001150       ?volCloseFile@@YAXPAU_FILE@@@Z c0001550 f   FileSystem.obj
 0001:00001170       ?volRegisterFileSystem@@YAXPAU_FILE_SYSTEM@@I@Z c0001570 f   FileSystem.obj
 0001:000011a0       ?i86_flpy_irq@@YAXXZ       c00015a0 f   FloppyDrive.obj
 0001:000011c0       ?flpydsk_check_int@@YAXPAI0@Z c00015c0 f   FloppyDrive.obj
 0001:00001270       ?flpydsk_drive_data@@YAXEEE_N@Z c0001670 f   FloppyDrive.obj
 0001:00001330       ?flpydsk_calibrate@@YAHE@Z c0001730 f   FloppyDrive.obj
 0001:00001490       ?flpydsk_reset@@YAXXZ      c0001890 f   FloppyDrive.obj
 0001:00001510       ?flpydsk_read_sector_imp@@YAXEEE@Z c0001910 f   FloppyDrive.obj
 0001:000017a0       ?flpydsk_seek@@YAHEE@Z     c0001ba0 f   FloppyDrive.obj
 0001:000018c0       ?flpydsk_install@@YAXH@Z   c0001cc0 f   FloppyDrive.obj
 0001:000018f0       ?flpydsk_set_working_drive@@YAXE@Z c0001cf0 f   FloppyDrive.obj
 0001:00001900       ?flpydsk_read_sector@@YAPAEH@Z c0001d00 f   FloppyDrive.obj
 0001:00001a00       ?i86_gdt_initialize@@YAHXZ c0001e00 f   GDT.obj
 0001:00001ac0       ?i86_gdt_setup@@YA_NH@Z    c0001ec0 f   GDT.obj
 0001:00001ae0       ?hdd_set_working_drive@@YAXH@Z c0001ee0 f   HardDrive.obj
 0001:00001af0       ?hdd_read_sector@@YAPADH@Z c0001ef0 f   HardDrive.obj
 0001:00001bb0       ?hdd_init@@YAXH@Z          c0001fb0 f   HardDrive.obj
 0001:00001bc0       ?outport@@YAXGE@Z          c0001fc0 f   HComm.obj
 0001:00001bd0       ?inport@@YAEG@Z            c0001fd0 f   HComm.obj
 0001:00001be0       ?outportW@@YAXGI@Z         c0001fe0 f   HComm.obj
 0001:00001bf0       ?inportW@@YAIG@Z           c0001ff0 f   HComm.obj
 0001:00001c10       ?interruptdone@@YAXI@Z     c0002010 f i HComm.obj
 0001:00001c40       ?setint@@YAXHP6AXXZ@Z      c0002040 f   HComm.obj
 0001:00001c60       ?sleep@@YAXH@Z             c0002060 f   HComm.obj
 0001:00001c90       ?getFileSize@@YAHPAD@Z     c0002090 f   HComm.obj
 0001:00001cd0       ?loadFileToLoc@@YA_NPADPAX@Z c00020d0 f   HComm.obj
 0001:00001d50       ?kkybrd_set_leds@@YAX_N00@Z c0002150 f   hw_keyboard.obj
 0001:00001db0       ?kkybrd_discard_last_key@@YAXXZ c00021b0 f   hw_keyboard.obj
 0001:00001dc0       ?kkybrd_key_to_ascii@@YADW4KEYCODE@@@Z c00021c0 f   hw_keyboard.obj
 0001:00001f10       ?kkybrd_enable@@YAXXZ      c0002310 f   hw_keyboard.obj
 0001:00001f40       ?kkybrd_read_key@@YAXXZ    c0002340 f   hw_keyboard.obj
 0001:00002120       ?i86_kybrd_irq@@YAXXZ      c0002520 f   hw_keyboard.obj
 0001:00002140       ?kkybrd_get_last_key@@YA?AW4KEYCODE@@XZ c0002540 f   hw_keyboard.obj
 0001:00002160       ?kkybrd_install@@YAXH@Z    c0002560 f   hw_keyboard.obj
 0001:00002200       ?fillMouseState@@YAXPAUMOUSE_STATE@@@Z c0002600 f   hw_mouse.obj
 0001:00002220       ?mice_install@@YA_NXZ      c0002620 f   hw_mouse.obj
 0001:00002250       ?i86_install_ir@@YAHIGGP6AXXZ@Z c0002650 f   IDT.obj
 0001:000022a0       ?i86_idt_initialize@@YAHG@Z c00026a0 f   IDT.obj
 0001:00002320       ?i86_setup@@YA_NH@Z        c0002720 f   IDT.obj
 0001:00002350       _main                      c0002750 f   main.obj
 0001:000027e0       ?math_abs@@YAIH@Z          c0002be0 f   Math.obj
 0001:000027f0       ?getStringOfClass@@YAPADE@Z c0002bf0 f   PCI.obj
 0001:000029d0       ?PCI_test@@YAXXZ           c0002dd0 f   PCI.obj
 0001:00002b60       ?PE_loadDLL@@YAPAUPE_EXPORT_LIST@@PADH@Z c0002f60 f   PELoader.obj
 0001:00002d80       ?PE_mapApp@@YA_NPADH@Z     c0003180 f   PELoader.obj
 0001:00002f90       ?PE_dumpApp@@YA_NPADH@Z    c0003390 f   PELoader.obj
 0001:00003250       ?pic_send_command@@YAXEE@Z c0003650 f i PIC.obj
 0001:00003280       ?pic_initialize@@YA_NEE@Z  c0003680 f   PIC.obj
 0001:000032f0       ?i86_pit_irq@@YAXXZ        c00036f0 f   PIT.obj
 0001:00003310       ?i86_pit_get_tick_count@@YAIXZ c0003710 f   PIT.obj
 0001:00003320       ?i86_pit_start_counter@@YAXIEE@Z c0003720 f   PIT.obj
 0001:00003380       ?i86_pit_initialize@@YA_NXZ c0003780 f   PIT.obj
 0001:000033a0       ?memcpy@@YAXPAD0H@Z        c00037a0 f   pMemory.obj
 0001:000033c0       ?memcpyTF@@YAXPAD0H@Z      c00037c0 f   pMemory.obj
 0001:000033e0       ?memset@@YAPAXPAXDI@Z      c00037e0 f   pMemory.obj
 0001:00003400       ?pm_setup@@YA_NPAD@Z       c0003800 f   pMemory.obj
 0001:00003410       ?malloc@@YAPAXH@Z          c0003810 f   pMemory.obj
 0001:00003430       ?malloc_ps@@YAPAXPADH@Z    c0003830 f   pMemory.obj
 0001:00003440       ?doRealModeInterrupt@@YAXDDD@Z c0003840 f   realmodewrapper.obj
 0001:00003480       ?rtc_getYear@@YAHXZ        c0003880 f   RTC.obj
 0001:000034a0       ?rtc_getMonth@@YAHXZ       c00038a0 f   RTC.obj
 0001:000034c0       ?rtc_getDayOfMonth@@YAHXZ  c00038c0 f   RTC.obj
 0001:000034e0       ?rtc_getWeekday@@YAHXZ     c00038e0 f   RTC.obj
 0001:00003500       ?rtc_getHour@@YAHXZ        c0003900 f   RTC.obj
 0001:00003520       ?rtc_getMinute@@YAHXZ      c0003920 f   RTC.obj
 0001:00003540       ?rtc_getSecond@@YAHXZ      c0003940 f   RTC.obj
 0001:00003560       ?handleSysCall@@YAXXZ      c0003960 f   SystemCalls.obj
 0001:00003a40       ?savePalette@@YAXPAUpalette_entry@@@Z c0003e40 f   VGAdriver.obj
 0001:00003aa0       ?VGA_setfont@@YAXPAD@Z     c0003ea0 f   VGAdriver.obj
 0001:00003ab0       ?VGA_clear_screen@@YAXXZ   c0003eb0 f   VGAdriver.obj
 0001:00003b10       ?VGA_put_char@@YAXHHD@Z    c0003f10 f   VGAdriver.obj
 0001:00003bc0       ?VGA_put_image@@YAXHHPAD@Z c0003fc0 f   VGAdriver.obj
 0001:00003ca0       ?VGA_put_pixel@@YAXHHD@Z   c00040a0 f   VGAdriver.obj
 0001:00003d60       ?VGA_put_line@@YAXHHHHD@Z  c0004160 f   VGAdriver.obj
 0001:00003e30       ?VGA_put_rectangle@@YAXHHHHD@Z c0004230 f   VGAdriver.obj
 0001:00003e80       ?write_registers@@YAXPAE@Z c0004280 f   VGAdriver.obj
 0001:00004000       ?restorePalette@@YAXPAUpalette_entry@@@Z c0004400 f   VGAdriver.obj
 0001:00004080       ?VGA_init@@YAXHHH@Z        c0004480 f   VGAdriver.obj
 0001:000041a0       ?VGA_deinit@@YAXXZ         c00045a0 f   VGAdriver.obj
 0001:000041e0       ?VGA_put_string@@YAXHHPAD@Z c00045e0 f   VGAdriver.obj
 0001:000042c0       ?vd_getCurrentDataDevice@@YA?AU__DATA_DEVICE@@XZ c00046c0 f   VirtualDevice.obj
 0001:000042e0       ?vd_populate@@YA_NXZ       c00046e0 f   VirtualDevice.obj
 0001:000043d0       ?vm_setup@@YA_NPAX@Z       c00047d0 f   vMemory.obj
 0001:00004400       ?vm_map_virt_to_phys@@YAXHH@Z c0004800 f   vMemory.obj
 0001:00004460       ?vm_enable_paging@@YA_NXZ  c0004860 f   vMemory.obj
 0001:00004480       ?strcmp@@YAHPBD0@Z         c0004880 f   Lib:string.obj
 0001:000044d0       ?strcpy@@YAPADPADPBD@Z     c00048d0 f   Lib:string.obj
 0001:000044f0       ?strlen@@YAIPBD@Z          c00048f0 f   Lib:string.obj
 0001:00004510       ?strchr@@YAPADPADH@Z       c0004910 f   Lib:string.obj
 0001:00004540       ?Exit@@YAXXZ               c0004940 f   Lib:cstd.obj
 0001:00004580       ?InitializeConstructors@@YAXXZ c0004980 f   Lib:cstd.obj
 0002:00000000       ??_C@_0EG@EFLEAAGH@Divide?5by?50?5at?5physical?5address?5@ c0004a00     Exception.obj
 0002:00000048       ??_C@_0M@HBBAMPBG@Single?5step?$AA@ c0004a48     Exception.obj
 0002:00000054       ??_C@_08MAEPCHJN@NMI?5trap?$AA@ c0004a54     Exception.obj
 0002:00000060       ??_C@_0BA@MJDBKJBI@Breakpoint?5trap?$AA@ c0004a60     Exception.obj
 0002:00000070       ??_C@_0O@NPIPDPLG@Overflow?5trap?$AA@ c0004a70     Exception.obj
 0002:00000080       ??_C@_0BD@OAFDEGEK@Bounds?5check?5fault?$AA@ c0004a80     Exception.obj
 0002:00000094       ??_C@_0DF@BNKMBDNA@?6?$CK?$CK?$CK?5STOP?3?5Invalid?5opcode?5at?50x?$CF@ c0004a94     Exception.obj
 0002:000000cc       ??_C@_0BB@KJJKIIDM@Device?5not?5found?$AA@ c0004acc     Exception.obj
 0002:000000e0       ??_C@_0N@EMHPBCJE@Double?5fault?$AA@ c0004ae0     Exception.obj
 0002:000000f0       ??_C@_0M@OLMALBPG@Invalid?5TSS?$AA@ c0004af0     Exception.obj
 0002:000000fc       ??_C@_0BA@FIBIGBGL@Invalid?5segment?$AA@ c0004afc     Exception.obj
 0002:0000010c       ??_C@_0M@LEEDKLOB@Stack?5fault?$AA@ c0004b0c     Exception.obj
 0002:00000118       ??_C@_0BJ@JKJOCMHH@General?5Protection?5Fault?$AA@ c0004b18     Exception.obj
 0002:00000134       ??_C@_0M@EBNJMEJL@Page?5fault?$CB?$AA@ c0004b34     Exception.obj
 0002:00000140       ??_C@_0DC@JDMANOJG@Page?5Fault?5at?50x?$CFx?30x?$CFx?5referenc@ c0004b40     Exception.obj
 0002:00000174       ??_C@_09ENEAMLC@FPU?5Fault?$AA@ c0004b74     Exception.obj
 0002:00000180       ??_C@_0BA@DLJHEABO@Alignment?5Check?$AA@ c0004b80     Exception.obj
 0002:00000190       ??_C@_0O@LALCKNGJ@Machine?5Check?$AA@ c0004b90     Exception.obj
 0002:000001a0       ??_C@_0P@JHGCNKG@FPU?5SIMD?5fault?$AA@ c0004ba0     Exception.obj
 0002:000001b0       ??_C@_05HOBJIFPH@FAT12?$AA@ c0004bb0     FAT12.obj
 0002:000001b8       ??_C@_0BP@OOOIHOGD@?6Unhandled?5Exception?5?$CIhalted?$CJ?6?$AA@ c0004bb8     IDT.obj
 0002:000001d8       ??_C@_07INNMNHPJ@cmd?4exe?$AA@ c0004bd8     main.obj
 0002:000001e0       ??_C@_0BE@LCPKODCM@?6Loading?5up?5shell?3?5?$AA@ c0004be0     main.obj
 0002:000001f4       ??_C@_0CN@DLLMGEPA@Press?5any?5key?5to?5continue?5to?5the@ c0004bf4     main.obj
 0002:00000224       ??_C@_0O@CHBMCDKH@Saving?5font?3?5?$AA@ c0004c24     main.obj
 0002:00000234       ??_C@_0BB@CAIKOGDG@Mounting?5FAT12?3?5?$AA@ c0004c34     main.obj
 0002:00000248       ??_C@_0BH@BHKEMDDP@Setting?5up?5drives?3?5?$CFs?6?$AA@ c0004c48     main.obj
 0002:00000260       ??_C@_0BG@HNCICFID@Setting?5up?5Mouse?3?5?$CFs?6?$AA@ c0004c60     main.obj
 0002:00000278       ??_C@_08GLNGGDPJ@DISABLED?$AA@ c0004c78     main.obj
 0002:00000284       ??_C@_0BG@GHPIMDEG@Setting?5up?5Keyboard?3?5?$AA@ c0004c84     main.obj
 0002:0000029c       ??_C@_0BN@MKEKCMMH@Enabling?5Exceptions?5?$CG?5IRQs?3?5?$AA@ c0004c9c     main.obj
 0002:000002bc       ??_C@_0BE@NKMGLHLP@Setting?5up?5PIT?3?5?$CFs?6?$AA@ c0004cbc     main.obj
 0002:000002d0       ??_C@_0BF@NJONCFJE@Setting?5up?5PICs?3?5?$CFs?6?$AA@ c0004cd0     main.obj
 0002:000002e8       ??_C@_0BE@EBKAFGEE@Setting?5up?5IDT?3?5?$CFs?6?$AA@ c0004ce8     main.obj
 0002:000002fc       ??_C@_0BE@IJGCINNG@Setting?5up?5GDT?3?5?$CFs?6?$AA@ c0004cfc     main.obj
 0002:00000310       ??_C@_0BF@OCGOOMEB@Enabling?5Paging?3?5?$CFs?6?$AA@ c0004d10     main.obj
 0002:00000328       ??_C@_03JLOMOCCD@OK?6?$AA@ c0004d28     main.obj
 0002:0000032c       ??_C@_0BE@CFDKAHDD@Setting?5up?5Paging?3?5?$AA@ c0004d2c     main.obj
 0002:00000340       ??_C@_0CE@EEMONILL@Loading?5Virtual?5Memory?5Manager?3?5@ c0004d40     main.obj
 0002:00000364       ??_C@_0CF@JENKCJHG@Loading?5Physical?5Memory?5Manager?3@ c0004d64     main.obj
 0002:0000038c       ??_C@_05MBDEGLCK@ERROR?$AA@ c0004d8c     main.obj
 0002:00000394       ??_C@_02GIPFHKNO@OK?$AA@   c0004d94     main.obj
 0002:00000398       ??_C@_0L@DNGAJNGH@0xC0000000?$AA@ c0004d98     main.obj
 0002:000003a4       ??_C@_0CD@CHEEAOJK@LevOS2?5loading?5Kernel?5Version?3?5?$CF@ c0004da4     main.obj
 0002:000003c8       ??_C@_06EIAEFCGB@040713?$AA@ c0004dc8     main.obj
 0002:000003d0       ??_C@_07NBCGADJA@Unknown?$AA@ c0004dd0     PCI.obj
 0002:000003d8       ??_C@_06KEEMJMBN@No?9fit?$AA@ c0004dd8     PCI.obj
 0002:000003e0       ??_C@_0DC@KGLECONI@Data?5Acquisition?5and?5Signal?5Proc@ c0004de0     PCI.obj
 0002:00000414       ??_C@_0CB@GFHLBNPL@Encryption?1Decryption?5Controller@ c0004e14     PCI.obj
 0002:00000438       ??_C@_0CD@PKDALBEP@Satellite?5Communication?5Controll@ c0004e38     PCI.obj
 0002:0000045c       ??_C@_0BL@MELBNFBC@Intelligent?5I?1O?5Controller?$AA@ c0004e5c     PCI.obj
 0002:00000478       ??_C@_0BE@HDDMCLPL@Wireless?5Controller?$AA@ c0004e78     PCI.obj
 0002:0000048c       ??_C@_0BG@JGLEPAOP@Serial?5Bus?5Controller?$AA@ c0004e8c     PCI.obj
 0002:000004a4       ??_C@_09JOCICBA@Processor?$AA@ c0004ea4     PCI.obj
 0002:000004b0       ??_C@_0BA@BCAHNJPL@Docking?5Station?$AA@ c0004eb0     PCI.obj
 0002:000004c0       ??_C@_0N@DLFBPJHG@Input?5Device?$AA@ c0004ec0     PCI.obj
 0002:000004d0       ??_C@_0BI@GBGGMPO@Base?5System?5Peripherial?$AA@ c0004ed0     PCI.obj
 0002:000004e8       ??_C@_0CA@LCDCDNCF@Simple?5Communication?5Controller?$AA@ c0004ee8     PCI.obj
 0002:00000508       ??_C@_0O@FHKOPOMC@Bridge?5Device?$AA@ c0004f08     PCI.obj
 0002:00000518       ??_C@_0BC@HBOKPOON@Memory?5Controller?$AA@ c0004f18     PCI.obj
 0002:0000052c       ??_C@_0BG@JELBIFKK@Multimedia?5Controller?$AA@ c0004f2c     PCI.obj
 0002:00000544       ??_C@_0BD@GKNBFHEP@Display?5Controller?$AA@ c0004f44     PCI.obj
 0002:00000558       ??_C@_0BD@JKDNBFA@Network?5Controller?$AA@ c0004f58     PCI.obj
 0002:0000056c       ??_C@_0BI@KDCLLJEB@Mass?5Storage?5Controller?$AA@ c0004f6c     PCI.obj
 0002:00000584       ??_C@_0BC@MHIGDKLC@?6?5?5?5?5?5?5?5?5Ergo?0?5?$CFs?$AA@ c0004f84     PCI.obj
 0002:00000598       ??_C@_0CG@KJDCIMEK@?6?5?5?5?5?5?5?5?5ClassId?$DN0x?$CFx?5SubclassId@ c0004f98     PCI.obj
 0002:000005c0       ??_C@_0ED@BAHLBCOH@?6PCI?3?5Bus?3?50x?$CFX?5Slot?3?50x?$CFx?5Funct@ c0004fc0     PCI.obj
 0002:00000604       ??_C@_0P@GELAMMA@?6PCI?5testing?4?4?$AA@ c0005004     PCI.obj
 0002:00000618       ??_C@_0EE@DECBGOPC@?6DLL?5needs?5relocation?$CB?5ImageBase@ c0005018     PELoader.obj
 0002:0000065c       ??_C@_0CC@CHBMNKGO@?6ERROR?3?5File?5is?5not?5for?5starting@ c000505c     PELoader.obj
 0002:00000680       ??_C@_0BN@NGGEOPCA@?6ERROR?3?5Not?5a?5valid?5PE?5file?$CB?$AA@ c0005080     PELoader.obj
 0002:000006a0       ??_C@_0CA@EHGLJJPJ@?6?9?9?9?$DO?$CFs?$CI?$CJ?5at?50x?$CFx?0?5ordinal?50x?$CFx?$AA@ c00050a0     PELoader.obj
 0002:000006c0       ??_C@_0EL@KHKFHGDG@?6?9?$DOThis?5is?5an?5export?5directory?0?5@ c00050c0     PELoader.obj
 0002:0000070c       ??_C@_0BI@NEHPEHBO@?6?9?9?$DOHint?$DN?50x?$CFX?0?5name?$DN?$CFs?$AA@ c000510c     PELoader.obj
 0002:00000724       ??_C@_0BP@PEEAFDLG@?6?9?9?$DOFirst?5thunk?5points?5to?50x?$CFx?$AA@ c0005124     PELoader.obj
 0002:00000744       ??_C@_0CE@KEIAOLOP@?6?9?9?$DOFound?5DLL?5import?5from?5module@ c0005144     PELoader.obj
 0002:00000768       ??_C@_0CA@FFOAOACM@?6?9?$DOThis?5is?5an?5import?5directory?$CB?$AA@ c0005168     PELoader.obj
 0002:00000788       ??_C@_0CE@LDBOEGHI@?6?9?9?9?$DOReloc?3?5Offset?3?50x?$CFx?5Type?3?50@ c0005188     PELoader.obj
 0002:000007ac       ??_C@_0DD@LAMGDPIJ@?6?9?9?$DOPage?50x?$CFx?5found?5?$CFd?5relocatio@ c00051ac     PELoader.obj
 0002:000007e0       ??_C@_0BP@NFHKIMHM@?6?9?$DOThis?5is?5a?5relocation?5table?$CB?$AA@ c00051e0     PELoader.obj
 0002:00000800       ??_C@_0DC@BPNEFLBD@?6Found?5datadirectory?3?5id?$DN0x?$CFx?0?5V@ c0005200     PELoader.obj
 0002:00000834       ??_C@_0DD@LEJFHGOK@?6Copying?5?$CFs?5section?5to?50x?$CFX?5from@ c0005234     PELoader.obj
 0002:00000868       ??_C@_0GM@FIPENAL@?6Magic?$DN0x?$CFx?6SizeOfCode?$DN0x?$CFx?6Size@ c0005268     PELoader.obj
 0002:000008d4       ??_C@_0BN@ODBFINGP@?6Dumping?5PeOptionalHeader?4?4?4?$AA@ c00052d4     PELoader.obj
 0002:000008f4       ??_C@_09MEJHBFNJ@RMODE?4SYS?$AA@ c00052f4     realmodewrapper.obj
 0002:00000900       ??_C@_0DL@NJJOPAOO@?6Goin?8?5to?5Real?5Mode?$CB?5Bye?5good?5li@ c0005300     realmodewrapper.obj
 0002:0000093c       ??_C@_02NJNOFBBI@?$CFx?$AA@ c000533c     SystemCalls.obj
 0002:00000940       ??_C@_02IKAHHCAI@?$CFi?$AA@ c0005340     SystemCalls.obj
 0002:00000944       ??_C@_02DKCKIIND@?$CFs?$AA@ c0005344     SystemCalls.obj
 0002:00000948       ??_C@_0P@CEBGFEPC@HARDDISKDRIVER?$AA@ c0005348     VirtualDevice.obj
 0002:00000958       ??_C@_0BB@NLFDNKDP@FLOPPYDISKDRIVER?$AA@ c0005358     VirtualDevice.obj
 0003:00000000       ?__xc_a@@3PAP6AXXZA        c0005400     Lib:cstd.obj
 0003:00000004       ?__xc_z@@3PAP6AXXZA        c0005404     Lib:cstd.obj
 0003:00000008       ?bchars@@3PADA             c0005408     DebugDisplay.obj
 0003:00000170       ?mode_320_200_256@@3PAEA   c0005570     VGAdriver.obj
 0003:000001b0       ?mode_80_25_text@@3PAEA    c00055b0     VGAdriver.obj
 0003:000001f0       ?mode_640_480_16@@3PAEA    c00055f0     VGAdriver.obj
 0003:00000a34       __fltused                  c0005e34     Lib:cstd.obj
 0003:00000a38       ?tbuf@@3PADA               c0005e38     DebugDisplay.obj
 0003:00000a70       ?_MountInfo@@3U_MOUNT_INFO@@A c0005e70     FAT12.obj
 0003:00000a8c       ?_FSysFat@@3U_FILE_SYSTEM@@A c0005e8c     FAT12.obj
 0003:00000aa8       ?FAT@@3PAEA                c0005ea8     FAT12.obj
 0003:00000ea8       ?_FileSystems@@3PAPAU_FILE_SYSTEM@@A c00062a8     FileSystem.obj
 0003:00001f34       ?regs@@3Uregs_t@@A         c0007334     SystemCalls.obj
 0003:00001f36       ?c@@3DA                    c0007336     SystemCalls.obj
 0003:00001f37       ?vgacol@@3DA               c0007337     SystemCalls.obj
 0003:00001f38       ?string@@3PADA             c0007338     SystemCalls.obj
 0003:00001f3c       ?id@@3HA                   c000733c     SystemCalls.obj
 0003:00001f40       ?a@@3HA                    c0007340     SystemCalls.obj
 0003:00001f44       ?b@@3HA                    c0007344     SystemCalls.obj
 0003:00001f48       ?d@@3HA                    c0007348     SystemCalls.obj
 0003:00001f4c       ?e@@3HA                    c000734c     SystemCalls.obj
 0003:00001f50       ?_ebx@@3HA                 c0007350     SystemCalls.obj
 0003:00001f54       ?_b@@3_NA                  c0007354     SystemCalls.obj
 0003:00001f58       ?data@@3PAU___RTC__STRUCT@@A c0007358     SystemCalls.obj
 0003:00001f60       ?vidmem@@3PADA             c0007360     VGAdriver.obj
 0003:00001f64       ?VGA_bpp@@3IA              c0007364     VGAdriver.obj
 0003:00001f68       ?VGA_width@@3IA            c0007368     VGAdriver.obj
 0003:00001f6c       ?VGA_address@@3PAEA        c000736c     VGAdriver.obj
 0003:00001f70       ?mode@@3UVIDEO_MODE@@A     c0007370     VGAdriver.obj
 0003:00001f84       ?__font@@3PADA             c0007384     VGAdriver.obj
 0003:00001f88       ?savedPalette@@3PAUpalette_entry@@A c0007388     VGAdriver.obj
 0003:00002288       ?VGA_height@@3IA           c0007688     VGAdriver.obj
 0003:0000231c       ?floppy@@3U__DATA_DEVICE@@A c000771c     VirtualDevice.obj
 0003:00002338       ?hdd@@3U__DATA_DEVICE@@A   c0007738     VirtualDevice.obj
 0003:00002354       ?last_page@@3PAIA          c0007754     vMemory.obj
 0003:00002358       ?pd@@3PAIA                 c0007758     vMemory.obj

 entry point at        0000:00000000

 Static symbols

 0001:00002230       ?i86_default_handler@@YAXXZ c0002630 f   IDT.obj
 0001:00003cc0       ?write_pixel4p@@YAXIII@Z   c00040c0 f   VGAdriver.obj
